Listing tests:
  packages/core/src/modules/delivery_os/__integration__/TC-DELIVERY-001.spec.ts:22:1 › TC-DELIVERY-001: R1–R19 enforce authentication, features and tenant/organization scope without writes
  packages/core/src/modules/delivery_os/__integration__/TC-DELIVERY-002.qa-regression.spec.ts:12:5 › TC-DELIVERY-002: manual baseline integrity and decisions › from_brief: immutable snapshot, replay and both current decisions gate execution
  packages/core/src/modules/delivery_os/__integration__/TC-DELIVERY-002.qa-regression.spec.ts:74:5 › TC-DELIVERY-002: manual baseline integrity and decisions › from_brief: invalid render bytes hash, foreign attachment and missing content cannot freeze
  packages/core/src/modules/delivery_os/__integration__/TC-DELIVERY-002.qa-regression.spec.ts:107:5 › TC-DELIVERY-002: manual baseline integrity and decisions › from_brief: verified old baseline does not prove the new approved snapshot
  packages/core/src/modules/delivery_os/__integration__/TC-DELIVERY-002.qa-regression.spec.ts:136:5 › TC-DELIVERY-002: manual baseline integrity and decisions › from_brief: concurrent contradictory decisions accept one current version
  packages/core/src/modules/delivery_os/__integration__/TC-DELIVERY-002.qa-regression.spec.ts:12:5 › TC-DELIVERY-002: manual baseline integrity and decisions › from_design: immutable snapshot, replay and both current decisions gate execution
  packages/core/src/modules/delivery_os/__integration__/TC-DELIVERY-002.qa-regression.spec.ts:74:5 › TC-DELIVERY-002: manual baseline integrity and decisions › from_design: invalid render bytes hash, foreign attachment and missing content cannot freeze
  packages/core/src/modules/delivery_os/__integration__/TC-DELIVERY-002.qa-regression.spec.ts:107:5 › TC-DELIVERY-002: manual baseline integrity and decisions › from_design: verified old baseline does not prove the new approved snapshot
  packages/core/src/modules/delivery_os/__integration__/TC-DELIVERY-002.qa-regression.spec.ts:136:5 › TC-DELIVERY-002: manual baseline integrity and decisions › from_design: concurrent contradictory decisions accept one current version
  packages/core/src/modules/delivery_os/__integration__/TC-DELIVERY-002.spec.ts:167:3 › TC-DELIVERY-002: baseline input modes on the real database › FROM_BRIEF (source: manual) baseline returns baselineId, contentHash, version 1, duplicate false
  packages/core/src/modules/delivery_os/__integration__/TC-DELIVERY-002.spec.ts:205:3 › TC-DELIVERY-002: baseline input modes on the real database › FROM_DESIGN (source: requirements_proposal) baseline returns baselineId, contentHash, version 1, duplicate false
  packages/core/src/modules/delivery_os/__integration__/TC-DELIVERY-002.spec.ts:259:3 › TC-DELIVERY-002: baseline input modes on the real database › POST baseline with empty acceptanceCriteria returns 422 identifying the field
  packages/core/src/modules/delivery_os/__integration__/TC-DELIVERY-002.spec.ts:309:3 › TC-DELIVERY-002: baseline input modes on the real database › attachment scope: create baseline with attachmentId, GET baseline back and verify attachmentIds includes it
  packages/core/src/modules/delivery_os/__integration__/TC-DELIVERY-002.spec.ts:355:3 › TC-DELIVERY-002: baseline input modes on the real database › duplicate content hash: POSTing the same baseline content twice returns duplicate:true with the same baselineId
  packages/core/src/modules/delivery_os/__integration__/TC-DELIVERY-002.spec.ts:404:3 › TC-DELIVERY-002: baseline input modes on the real database › unknown targetProfileId: create project with non-existent targetProfileId returns 422
  packages/core/src/modules/delivery_os/__integration__/TC-DELIVERY-002.spec.ts:444:3 › TC-DELIVERY-002: baseline input modes on the real database › cross-tenant: org B token gets 404 on a project created by org A
  packages/core/src/modules/delivery_os/__integration__/TC-DELIVERY-002.spec.ts:511:3 › TC-DELIVERY-002: baseline input modes on the real database › approved baseline marks the project activeBaselineId and is listed as isActive: true
  packages/core/src/modules/delivery_os/__integration__/TC-DELIVERY-003.spec.ts:13:5 › TC-DELIVERY-003: requirements and plan proposals › from_brief: proposals replay without duplication and merged baseline requires new decisions
  packages/core/src/modules/delivery_os/__integration__/TC-DELIVERY-003.spec.ts:115:5 › TC-DELIVERY-003: requirements and plan proposals › from_brief: invalid requirements and plan manifests leave no new baselines or tasks
  packages/core/src/modules/delivery_os/__integration__/TC-DELIVERY-003.spec.ts:13:5 › TC-DELIVERY-003: requirements and plan proposals › from_design: proposals replay without duplication and merged baseline requires new decisions
  packages/core/src/modules/delivery_os/__integration__/TC-DELIVERY-003.spec.ts:115:5 › TC-DELIVERY-003: requirements and plan proposals › from_design: invalid requirements and plan manifests leave no new baselines or tasks
  packages/core/src/modules/delivery_os/__integration__/TC-DELIVERY-004.qa-regression.spec.ts:37:3 › TC-DELIVERY-004: existing v1 optimistic locks and task guards › project updates and archive reject stale versions and accept the current version
  packages/core/src/modules/delivery_os/__integration__/TC-DELIVERY-004.qa-regression.spec.ts:67:3 › TC-DELIVERY-004: existing v1 optimistic locks and task guards › task CRUD preserves state on stale versions, invalid paths, foreign references and invalid transitions
  packages/core/src/modules/delivery_os/__integration__/TC-DELIVERY-004.qa-regression.spec.ts:118:3 › TC-DELIVERY-004: existing v1 optimistic locks and task guards › baseline, decision, reserve, cancel and reconcile enforce their parent or task version
  packages/core/src/modules/delivery_os/__integration__/TC-DELIVERY-004.qa-regression.spec.ts:157:3 › TC-DELIVERY-004: existing v1 optimistic locks and task guards › a new unapproved baseline cannot ready or reserve a task using previous approvals
  packages/core/src/modules/delivery_os/__integration__/TC-DELIVERY-004.spec.ts:207:3 › TC-DELIVERY-004: task plan validation and import on the real database › task with a cyclic dependsOnTaskIds (A→B→A) returns 422 cycle
  packages/core/src/modules/delivery_os/__integration__/TC-DELIVERY-004.spec.ts:248:3 › TC-DELIVERY-004: task plan validation and import on the real database › cross-tenant: org B token gets 409 (lock-based 404 equivalent) on task update for org A task
  packages/core/src/modules/delivery_os/__integration__/TC-DELIVERY-004.spec.ts:315:3 › TC-DELIVERY-004: task plan validation and import on the real database › unknown AC ID in acIds of task create returns 422 unknown_ac
  packages/core/src/modules/delivery_os/__integration__/TC-DELIVERY-004.spec.ts:351:3 › TC-DELIVERY-004: task plan validation and import on the real database › optimistic lock mismatch on task update returns 409 optimistic_lock_conflict
  packages/core/src/modules/delivery_os/__integration__/TC-DELIVERY-004.spec.ts:391:3 › TC-DELIVERY-004: task plan validation and import on the real database › task status READY transition blocked by unresolved predecessors that are not done
  packages/core/src/modules/delivery_os/__integration__/TC-DELIVERY-004.spec.ts:443:3 › TC-DELIVERY-004: task plan validation and import on the real database › re-import: POST same task twice does not create a duplicate
  packages/core/src/modules/delivery_os/__integration__/TC-DELIVERY-004.spec.ts:488:3 › TC-DELIVERY-004: task plan validation and import on the real database › plan import: task acIds referencing an AC absent from the baseline returns 422
  packages/core/src/modules/delivery_os/__integration__/TC-DELIVERY-004.spec.ts:552:3 › TC-DELIVERY-004: task plan validation and import on the real database › plan import with a cycle in dependsOn returns 422 cycle
  packages/core/src/modules/delivery_os/__integration__/TC-DELIVERY-004.spec.ts:616:3 › TC-DELIVERY-004: task plan validation and import on the real database › missing lock header on task update returns 428 optimistic_lock_required
  packages/core/src/modules/delivery_os/__integration__/TC-DELIVERY-005.spec.ts:11:3 › TC-DELIVERY-005: reservation concurrency and replay › concurrent identical keys persist one attempt; replay ignores the stale lock
  packages/core/src/modules/delivery_os/__integration__/TC-DELIVERY-005.spec.ts:85:3 › TC-DELIVERY-005: reservation concurrency and replay › public reservation rejects automatic mode and missing keys without creating attempts
  packages/core/src/modules/delivery_os/__integration__/TC-DELIVERY-005.spec.ts:110:3 › TC-DELIVERY-005: reservation concurrency and replay › sixteen closed attempts preserve history and reject the seventeenth reservation
  packages/core/src/modules/delivery_os/__integration__/TC-DELIVERY-006.qa-regression.spec.ts:27:5 › TC-DELIVERY-006: result validation and durable replay › rejects malformed manifest without persisting evidence
  packages/core/src/modules/delivery_os/__integration__/TC-DELIVERY-006.qa-regression.spec.ts:27:5 › TC-DELIVERY-006: result validation and durable replay › rejects oversized body without persisting evidence
  packages/core/src/modules/delivery_os/__integration__/TC-DELIVERY-006.qa-regression.spec.ts:27:5 › TC-DELIVERY-006: result validation and durable replay › rejects unknown version without persisting evidence
  packages/core/src/modules/delivery_os/__integration__/TC-DELIVERY-006.qa-regression.spec.ts:27:5 › TC-DELIVERY-006: result validation and durable replay › rejects foreign project without persisting evidence
  packages/core/src/modules/delivery_os/__integration__/TC-DELIVERY-006.qa-regression.spec.ts:27:5 › TC-DELIVERY-006: result validation and durable replay › rejects foreign task without persisting evidence
  packages/core/src/modules/delivery_os/__integration__/TC-DELIVERY-006.qa-regression.spec.ts:27:5 › TC-DELIVERY-006: result validation and durable replay › rejects foreign attempt without persisting evidence
  packages/core/src/modules/delivery_os/__integration__/TC-DELIVERY-006.qa-regression.spec.ts:27:5 › TC-DELIVERY-006: result validation and durable replay › rejects foreign baseline without persisting evidence
  packages/core/src/modules/delivery_os/__integration__/TC-DELIVERY-006.qa-regression.spec.ts:27:5 › TC-DELIVERY-006: result validation and durable replay › rejects wrong baseline hash without persisting evidence
  packages/core/src/modules/delivery_os/__integration__/TC-DELIVERY-006.qa-regression.spec.ts:27:5 › TC-DELIVERY-006: result validation and durable replay › rejects wrong base revision without persisting evidence
  packages/core/src/modules/delivery_os/__integration__/TC-DELIVERY-006.qa-regression.spec.ts:27:5 › TC-DELIVERY-006: result validation and durable replay › rejects outside paths without persisting evidence
  packages/core/src/modules/delivery_os/__integration__/TC-DELIVERY-006.qa-regression.spec.ts:27:5 › TC-DELIVERY-006: result validation and durable replay › rejects unknown test without persisting evidence
  packages/core/src/modules/delivery_os/__integration__/TC-DELIVERY-006.qa-regression.spec.ts:27:5 › TC-DELIVERY-006: result validation and durable replay › rejects too many paths without persisting evidence
  packages/core/src/modules/delivery_os/__integration__/TC-DELIVERY-006.qa-regression.spec.ts:51:3 › TC-DELIVERY-006: result validation and durable replay › concurrent identical results create one evidence; a changed replay conflicts
  packages/core/src/modules/delivery_os/__integration__/TC-DELIVERY-006.spec.ts:284:3 › TC-DELIVERY-006: evidence recording edge cases › duplicate result idempotency: same attemptId and identical manifest hash answers 200 duplicate:true with the same evidenceId and writes no new row
  packages/core/src/modules/delivery_os/__integration__/TC-DELIVERY-006.spec.ts:334:3 › TC-DELIVERY-006: evidence recording edge cases › hash conflict: same attemptId but a different manifest hash answers 409 result_conflict
  packages/core/src/modules/delivery_os/__integration__/TC-DELIVERY-006.spec.ts:371:3 › TC-DELIVERY-006: evidence recording edge cases › unknown baselineId: POST evidence with a made-up baselineId answers 404 or 422
  packages/core/src/modules/delivery_os/__integration__/TC-DELIVERY-006.spec.ts:413:3 › TC-DELIVERY-006: evidence recording edge cases › cancelled attempt: POST results for a cancelled attempt answers 409 attempt_closed or attempt_cancelled
  packages/core/src/modules/delivery_os/__integration__/TC-DELIVERY-006.spec.ts:451:3 › TC-DELIVERY-006: evidence recording edge cases › foreign-tenant attempt: POST results using org B token for an attempt owned by org A answers 404
  packages/core/src/modules/delivery_os/__integration__/TC-DELIVERY-006.spec.ts:519:3 › TC-DELIVERY-006: evidence recording edge cases › tenantId field in body is ignored: evidence is scoped to the auth context tenant, not the provided field
  packages/core/src/modules/delivery_os/__integration__/TC-DELIVERY-007.qa-regression.spec.ts:12:5 › TC-DELIVERY-007: cancel and reconciliation › cancel preserves the execution and review gates
  packages/core/src/modules/delivery_os/__integration__/TC-DELIVERY-007.qa-regression.spec.ts:12:5 › TC-DELIVERY-007: cancel and reconciliation › unknown preserves the execution and review gates
  packages/core/src/modules/delivery_os/__integration__/TC-DELIVERY-007.qa-regression.spec.ts:12:5 › TC-DELIVERY-007: cancel and reconciliation › stopped preserves the execution and review gates
  packages/core/src/modules/delivery_os/__integration__/TC-DELIVERY-007.qa-regression.spec.ts:12:5 › TC-DELIVERY-007: cancel and reconciliation › completed preserves the execution and review gates
  packages/core/src/modules/delivery_os/__integration__/TC-DELIVERY-007.spec.ts:314:3 › TC-DELIVERY-007: cancel and reconcile ACL + state transitions › cancel requires delivery_os.attempts.manage: user without that feature gets 403
  packages/core/src/modules/delivery_os/__integration__/TC-DELIVERY-007.spec.ts:364:3 › TC-DELIVERY-007: cancel and reconcile ACL + state transitions › reconcile requires delivery_os.attempts.reconcile: user without that feature gets 403
  packages/core/src/modules/delivery_os/__integration__/TC-DELIVERY-007.spec.ts:424:3 › TC-DELIVERY-007: cancel and reconcile ACL + state transitions › late result after cancel: POST results for a cancel_requested attempt answers 409
  packages/core/src/modules/delivery_os/__integration__/TC-DELIVERY-007.spec.ts:477:3 › TC-DELIVERY-007: cancel and reconcile ACL + state transitions › unknown resolution: POST reconcile with an invalid resolution value answers 422
  packages/core/src/modules/delivery_os/__integration__/TC-DELIVERY-007.spec.ts:529:3 › TC-DELIVERY-007: cancel and reconcile ACL + state transitions › completed→verified direct transition is not available via a public HTTP route
  packages/core/src/modules/delivery_os/__integration__/TC-DELIVERY-008.qa-regression.spec.ts:10:5 › TC-DELIVERY-008: review requires current complete proof › cannot approve failed evidence
  packages/core/src/modules/delivery_os/__integration__/TC-DELIVERY-008.qa-regression.spec.ts:10:5 › TC-DELIVERY-008: review requires current complete proof › cannot approve not_run evidence
  packages/core/src/modules/delivery_os/__integration__/TC-DELIVERY-008.qa-regression.spec.ts:10:5 › TC-DELIVERY-008: review requires current complete proof › cannot approve missing evidence
  packages/core/src/modules/delivery_os/__integration__/TC-DELIVERY-008.qa-regression.spec.ts:10:5 › TC-DELIVERY-008: review requires current complete proof › cannot approve wrong_revision evidence
  packages/core/src/modules/delivery_os/__integration__/TC-DELIVERY-008.qa-regression.spec.ts:10:5 › TC-DELIVERY-008: review requires current complete proof › cannot approve manual_agent evidence
  packages/core/src/modules/delivery_os/__integration__/TC-DELIVERY-008.qa-regression.spec.ts:46:3 › TC-DELIVERY-008: review requires current complete proof › exhausted correction budget blocks another execution
  packages/core/src/modules/delivery_os/__integration__/TC-DELIVERY-008.spec.ts:192:3 › TC-DELIVERY-008: evidence discriminator validation and review gate › unknown discriminator kind → 422 unsupported_evidence_kind
  packages/core/src/modules/delivery_os/__integration__/TC-DELIVERY-008.spec.ts:217:3 › TC-DELIVERY-008: evidence discriminator validation and review gate › screenshot kind without required payload fields → 422 validation_failed
  packages/core/src/modules/delivery_os/__integration__/TC-DELIVERY-008.spec.ts:243:3 › TC-DELIVERY-008: evidence discriminator validation and review gate › scan kind without required AC mapping fields → 422 validation_failed
  packages/core/src/modules/delivery_os/__integration__/TC-DELIVERY-008.spec.ts:267:3 › TC-DELIVERY-008: evidence discriminator validation and review gate › scan kind with sourceRevision missing → 422 (sourceRevision required for scan)
  packages/core/src/modules/delivery_os/__integration__/TC-DELIVERY-008.spec.ts:300:3 › TC-DELIVERY-008: evidence discriminator validation and review gate › screenshot evidence with declared sha256 not matching attachment content → 422 attachment_hash_mismatch
  packages/core/src/modules/delivery_os/__integration__/TC-DELIVERY-008.spec.ts:337:3 › TC-DELIVERY-008: evidence discriminator validation and review gate › partial AC coverage keeps task in awaiting_review after result and review
  packages/core/src/modules/delivery_os/__integration__/TC-DELIVERY-008.spec.ts:417:3 › TC-DELIVERY-008: evidence discriminator validation and review gate › changes_requested review does not move task to verified; deploy gate blocks when report not green
  packages/core/src/modules/delivery_os/__integration__/TC-DELIVERY-010.spec.ts:10:5 › TC-DELIVERY-010: OSS manual lifecycle › only reviewed proof unlocks the dependent task
  packages/core/src/modules/delivery_os/__integration__/TC-DELIVERY-010.spec.ts:10:5 › TC-DELIVERY-010: OSS manual lifecycle › keeps correction history and reviews the new result
  packages/core/src/modules/delivery_os/__integration__/TC-DELIVERY-FIXTURE-001.spec.ts:66:3 › TC-DELIVERY-FIXTURE-001: isolated fixture lifecycle › scopes real actors and cleans a reserved manual attempt without changing another fixture
  packages/core/src/modules/delivery_os/__integration__/TC-DELIVERY-FIXTURE-001.spec.ts:146:3 › TC-DELIVERY-FIXTURE-001: isolated fixture lifecycle › cleans every registered resource after setup fails midway
  packages/core/src/modules/delivery_os/__integration__/TC-DELIVERY-OSS-001.spec.ts:288:3 › TC-DELIVERY-OSS-001: delivery_os v1 manual flow on the real database › manual flow: baseline with a real attachment → verified task → report proof → publication gates
  packages/core/src/modules/delivery_os/__integration__/TC-DELIVERY-OSS-001.spec.ts:378:3 › TC-DELIVERY-OSS-001: delivery_os v1 manual flow on the real database › foreign organisation and foreign tenant users get 404 on every id of the owner
  packages/core/src/modules/delivery_os/__integration__/TC-DELIVERY-OSS-001.spec.ts:496:3 › TC-DELIVERY-OSS-001: delivery_os v1 manual flow on the real database › stale versions answer the platform 409 and the baseline unique index answers duplicate, never 5xx
  packages/core/src/modules/delivery_os/__integration__/TC-DELIVERY-OSS-001.spec.ts:553:3 › TC-DELIVERY-OSS-001: delivery_os v1 manual flow on the real database › a claimed attempt is cancelled, refuses a new reservation and is reconciled as stopped
  packages/core/src/modules/delivery_os/__integration__/TC-DELIVERY-UI-001.spec.ts:9:1 › TC-DELIVERY-UI-001: project detail reads its scoped API and survives reload without enterprise
  packages/core/src/modules/delivery_os/__integration__/TC-DELIVERY-UI-002.spec.ts:65:1 › TC-DELIVERY-UI-002: an operator walks the manual flow from the sidebar to the archived project
  packages/core/src/modules/delivery_os/__integration__/TC-DELIVERY-UI-003.spec.ts:213:3 › TC-DELIVERY-UI-003: both entries reach one approved baseline › TC-DELIVERY-UI-003a: FROM_BRIEF runs from a requirements proposal to tasks on an approved baseline
  packages/core/src/modules/delivery_os/__integration__/TC-DELIVERY-UI-003.spec.ts:330:3 › TC-DELIVERY-UI-003: both entries reach one approved baseline › TC-DELIVERY-UI-003b: FROM_DESIGN starts from approved screens and hand-written requirements
  packages/core/src/modules/delivery_os/__integration__/TC-DELIVERY-UI-003.spec.ts:383:3 › TC-DELIVERY-UI-003: both entries reach one approved baseline › TC-DELIVERY-UI-003c: manifests with an unknown schema version or a foreign project are refused
  packages/core/src/modules/delivery_os/__integration__/TC-DELIVERY-UI-004.spec.ts:293:3 › TC-DELIVERY-UI-004: manual hand-off from reservation to a closed attempt › TC-DELIVERY-UI-004a: reserve, export the package, import the result
  packages/core/src/modules/delivery_os/__integration__/TC-DELIVERY-UI-004.spec.ts:352:3 › TC-DELIVERY-UI-004: manual hand-off from reservation to a closed attempt › TC-DELIVERY-UI-004b: a requested stop stays unconfirmed until the attempt is reconciled
  packages/core/src/modules/delivery_os/__integration__/TC-DELIVERY-UI-004.spec.ts:416:3 › TC-DELIVERY-UI-004: manual hand-off from reservation to a closed attempt › TC-DELIVERY-UI-004c: a repeat reservation, a foreign attempt and a manifest-less completion
  packages/enterprise/src/modules/delivery_agents/__integration__/TC-DELIVERY-EXEC-001.spec.ts:34:3 › TC-DELIVERY-EXEC-001: execute route auth guard and workflow parking › returns 401 when unauthenticated
  packages/enterprise/src/modules/delivery_agents/__integration__/TC-DELIVERY-EXEC-001.spec.ts:41:3 › TC-DELIVERY-EXEC-001: execute route auth guard and workflow parking › returns 403 when user lacks delivery_agents.execute feature
  packages/enterprise/src/modules/delivery_agents/__integration__/TC-DELIVERY-EXEC-001.spec.ts:52:3 › TC-DELIVERY-EXEC-001: execute route auth guard and workflow parking › workflow is parked before enqueue on valid execute
  packages/enterprise/src/modules/delivery_agents/__integration__/TC-DELIVERY-EXEC-002.spec.ts:23:3 › TC-DELIVERY-EXEC-002: full fixture flow with fake executor › fake executor returns EXEC-02-RUNNER-OK
  packages/enterprise/src/modules/delivery_agents/__integration__/TC-DELIVERY-EXEC-002.spec.ts:49:3 › TC-DELIVERY-EXEC-002: full fixture flow with fake executor › startExecution is exported and callable
  packages/enterprise/src/modules/delivery_agents/__integration__/TC-DELIVERY-EXEC-002.spec.ts:53:3 › TC-DELIVERY-EXEC-002: full fixture flow with fake executor › acceptResult is exported and callable
  packages/enterprise/src/modules/delivery_agents/__integration__/TC-DELIVERY-EXEC-002.spec.ts:57:3 › TC-DELIVERY-EXEC-002: full fixture flow with fake executor › delivery-resume queue is accessible
  packages/enterprise/src/modules/delivery_agents/__integration__/TC-DELIVERY-EXEC-003.spec.ts:19:3 › TC-DELIVERY-EXEC-003: duplicate idempotencyKey is idempotent › POST execute with same key returns 202 on first and second call
  packages/enterprise/src/modules/delivery_agents/__integration__/TC-DELIVERY-EXEC-003.spec.ts:45:3 › TC-DELIVERY-EXEC-003: duplicate idempotencyKey is idempotent › POST execute with DIFFERENT key for same task does not idempotency-conflict
  packages/enterprise/src/modules/delivery_agents/__integration__/TC-DELIVERY-EXEC-004.spec.ts:19:3 › TC-DELIVERY-EXEC-004: cancel mid-execution sets cancel_requested › cancel route returns 401 without auth
  packages/enterprise/src/modules/delivery_agents/__integration__/TC-DELIVERY-EXEC-004.spec.ts:26:3 › TC-DELIVERY-EXEC-004: cancel mid-execution sets cancel_requested › cancel route requires delivery_agents.execute feature
  packages/enterprise/src/modules/delivery_agents/__integration__/TC-DELIVERY-EXEC-004.spec.ts:36:3 › TC-DELIVERY-EXEC-004: cancel mid-execution sets cancel_requested › cancel an attempt sets stopConfirmation to stop_unconfirmed
  packages/enterprise/src/modules/delivery_agents/__integration__/TC-DELIVERY-EXEC-005.spec.ts:20:3 › TC-DELIVERY-EXEC-005: resume worker retry configuration › DELIVERY_AGENTS_SIGNAL_NAME is evidence-ready
  packages/enterprise/src/modules/delivery_agents/__integration__/TC-DELIVERY-EXEC-005.spec.ts:24:3 › TC-DELIVERY-EXEC-005: resume worker retry configuration › delivery-resume queue accepts valid payload shape
  packages/enterprise/src/modules/delivery_agents/__integration__/TC-DELIVERY-EXEC-005.spec.ts:30:3 › TC-DELIVERY-EXEC-005: resume worker retry configuration › ResumeAttemptJobPayload has required workflowRef field
  packages/enterprise/src/modules/delivery_agents/__integration__/TC-DELIVERY-EXEC-005.spec.ts:43:3 › TC-DELIVERY-EXEC-005: resume worker retry configuration › resume queue can enqueue a job (local queue strategy)
  packages/enterprise/src/modules/delivery_agents/__integration__/TC-DELIVERY-EXEC-005.spec.ts:57:3 › TC-DELIVERY-EXEC-005: resume worker retry configuration › resume-attempt worker module exports required metadata
  packages/enterprise/src/modules/delivery_agents/__integration__/TC-DELIVERY-EXEC-005.spec.ts:65:3 › TC-DELIVERY-EXEC-005: resume worker retry configuration › execute-task worker module exports required metadata
  packages/enterprise/src/modules/delivery_agents/__integration__/TC-DELIVERY-EXEC-006.spec.ts:201:3 › TC-DELIVERY-EXEC-006: concurrent execute → one winner, one conflict › two simultaneous execute calls with different idempotency keys: exactly one wins
  packages/enterprise/src/modules/delivery_agents/__integration__/TC-DELIVERY-EXEC-006.spec.ts:284:3 › TC-DELIVERY-EXEC-006: concurrent execute → one winner, one conflict › re-execution after cancel: two concurrent execute calls again produce one winner
  packages/enterprise/src/modules/delivery_agents/__integration__/TC-DELIVERY-EXEC-006.spec.ts:398:3 › TC-DELIVERY-EXEC-006: concurrent execute → one winner, one conflict › same idempotencyKey is idempotent — see TC-DELIVERY-EXEC-003
Total: 115 tests in 26 files
