06:25:23.616 WARN  [delivery_os] Stored attachment could not be read for verification attachmentId=c1c1c1c1-1111-4111-8111-111111111111
Error: [internal] stored file is not readable
    at /qa/packages/core/src/modules/delivery_os/commands/__tests__/baselineTestKit.ts:212:48
    at /qa/node_modules/jest-mock/build/index.js:305:39
    at /qa/node_modules/jest-mock/build/index.js:312:13
    at mockConstructor (/qa/node_modules/jest-mock/build/index.js:57:19)
    at inspectOrNull (/qa/packages/core/src/modules/delivery_os/commands/attachments.ts:80:18)
    at verifyAttachmentReferences (/qa/packages/core/src/modules/delivery_os/commands/attachments.ts:122:71)
    at verifyEvidenceAttachments (/qa/packages/core/src/modules/delivery_os/commands/attachments.ts:210:20)
    at recordEvidenceInTransaction (/qa/packages/core/src/modules/delivery_os/commands/evidence.ts:528:23)
    at Object.execute (/qa/packages/core/src/modules/delivery_os/commands/evidence.ts:820:21)
    at catchHttpError (/qa/packages/core/src/modules/delivery_os/commands/__tests__/baselineTestKit.ts:224:5)
    at Object.<anonymous> (/qa/packages/core/src/modules/delivery_os/commands/__tests__/evidence.test.ts:456:24)
FAIL packages/core/src/modules/delivery_os/commands/__tests__/evidence.test.ts
  delivery_os.evidence.record: storing each kind once
    ✓ stores test evidence once and answers a replay as a duplicate (28 ms)
    ✓ stores screenshot evidence once and answers a replay as a duplicate (5 ms)
    ✓ stores scan evidence once and answers a replay as a duplicate (3 ms)
    ✓ stores deployment evidence once and answers a replay as a duplicate (3 ms)
    ✓ stores reference material for the WordPress profile once (4 ms)
    ✓ keeps the raw report hash of tests and scans and the verified file ids (3 ms)
    ✓ treats the same proof for another task, baseline or revision as new evidence (11 ms)
    ✓ answers a replay before any domain check and without reading storage (3 ms)
    ✓ locks the project row and writes one audit entry, none for a duplicate (2 ms)
  delivery_os.evidence.record: scope
    ✓ ignores tenant, organization, source and recorder values in the input (2 ms)
    ✓ does not hash a client-sent verification status and stores no recorder for a session without a user id (2 ms)
    ✓ answers 404 for a project of another organization and for a malformed project id (3 ms)
    ✓ refuses a baseline or task of another project and an unknown attempt (3 ms)
    ✓ refuses a task or attempt pinned to another baseline and an unreadable attempt list (6 ms)
  delivery_os.evidence.record: rules per kind
    ✓ refuses test evidence for an AC outside the baseline or outside the task (5 ms)
    ✓ refuses a test the baseline never declared (3 ms)
    ✓ refuses test evidence when the stored baseline no longer matches its hash (3 ms)
    ✓ refuses a screenshot whose stored bytes do not match the declared hash (2 ms)
    ✓ refuses a screenshot that is not an image and a file that cannot be read (13 ms)
    ✓ refuses files of another organization, as a screenshot and as an extra attachment (3 ms)
    ✓ refuses a scan that names a lint check and stores the scan status (3 ms)
    ✓ refuses a deployment without a build id, url, environment or revision (4 ms)
    ✓ stores a deployment as unverified until a verification of the same build is included (3 ms)
    ✓ accepts a snapshot revision for wordpress-theme@1 and refuses it for react-vite@1 (4 ms)
    ✓ permits reference material only where the profile does (2 ms)
  delivery_os.evidence.record: reference material never counts as proof
    ✓ does not change project status, progress or AC proof (4 ms)
  delivery_os.evidence.record: review approves only what the system can prove
    ✓ moves awaiting_review to verified when every required test passed on the result revision (5 ms)
    ✓ lets an agent approve when the proof is complete and stores who reviewed (2 ms)
    ✓ refuses approval while a required test is not_run and leaves the task untouched (3 ms)
    ✓ refuses approval while a required test is failed and leaves the task untouched (2 ms)
    ✓ refuses approval while a required test is missing and leaves the task untouched (2 ms)
    ✓ counts test evidence only on the result revision, also project-level rows (12 ms)
    ✓ reviews the latest accepted result when its attemptId is named (3 ms)
    ✕ rejects stale approved replay after a newer attempt result even with equal revision=false (4 ms)
    ✕ rejects stale approved replay after a newer attempt result even with equal revision=true (13 ms)
    ✕ rejects stale changes_requested replay after a newer attempt result even with equal revision=false (3 ms)
    ✕ rejects stale changes_requested replay after a newer attempt result even with equal revision=true (3 ms)
    ✓ answers a review that names another revision than the accepted result with revision_mismatch (2 ms)
    ✓ needs an accepted result on the pinned baseline (3 ms)
    ✓ refuses a reviewedEvidenceId of another task and accepts one of this task (2 ms)
    ✓ returns dependency-blocked descendants to draft when the task is verified (2 ms)
  delivery_os.evidence.record: review correction rounds
    ✓ opens correction rounds and blocks the task once the limit is reached (5 ms)
    ✓ treats the same words as a replay only while nothing happened since (3 ms)
    ✓ answers 409 invalid_transition for a review while draft (1 ms)
    ✓ answers 409 invalid_transition for a review while ready (2 ms)
    ✓ answers 409 invalid_transition for a review while executing (2 ms)
    ✓ answers 409 invalid_transition for a review while changes_requested (2 ms)
    ✓ answers 409 invalid_transition for a review while blocked (1 ms)
    ✓ answers 409 invalid_transition for a review while verified (1 ms)
    ✓ answers 409 invalid_transition for a review while cancelled (2 ms)
  delivery_os.evidence.record: manual checks and reviewers
    ✓ keeps a manual AC unproven until a human approves its manual check, then verifies (10 ms)
    ✓ does not count manual-check verdicts as correction rounds (4 ms)
    ✓ needs a signed-in user for a human review but not for an agent review (4 ms)
    ✓ refuses a review of a task outside the project (1 ms)

  ● delivery_os.evidence.record: review approves only what the system can prove › rejects stale approved replay after a newer attempt result even with equal revision=false

    [internal] expected a CrudHttpError

      227 |     throw error
      228 |   }
    > 229 |   throw new Error('[internal] expected a CrudHttpError')
          |         ^
      230 | }
      231 |
      232 | export function expectFrozenBody(error: CrudHttpError, status: number, code: string): void {

      at catchHttpError (src/modules/delivery_os/commands/__tests__/baselineTestKit.ts:229:9)
      at src/modules/delivery_os/commands/__tests__/evidence.test.ts:728:19

  ● delivery_os.evidence.record: review approves only what the system can prove › rejects stale approved replay after a newer attempt result even with equal revision=true

    [internal] expected a CrudHttpError

      227 |     throw error
      228 |   }
    > 229 |   throw new Error('[internal] expected a CrudHttpError')
          |         ^
      230 | }
      231 |
      232 | export function expectFrozenBody(error: CrudHttpError, status: number, code: string): void {

      at catchHttpError (src/modules/delivery_os/commands/__tests__/baselineTestKit.ts:229:9)
      at src/modules/delivery_os/commands/__tests__/evidence.test.ts:728:19

  ● delivery_os.evidence.record: review approves only what the system can prove › rejects stale changes_requested replay after a newer attempt result even with equal revision=false

    [internal] expected a CrudHttpError

      227 |     throw error
      228 |   }
    > 229 |   throw new Error('[internal] expected a CrudHttpError')
          |         ^
      230 | }
      231 |
      232 | export function expectFrozenBody(error: CrudHttpError, status: number, code: string): void {

      at catchHttpError (src/modules/delivery_os/commands/__tests__/baselineTestKit.ts:229:9)
      at src/modules/delivery_os/commands/__tests__/evidence.test.ts:728:19

  ● delivery_os.evidence.record: review approves only what the system can prove › rejects stale changes_requested replay after a newer attempt result even with equal revision=true

    [internal] expected a CrudHttpError

      227 |     throw error
      228 |   }
    > 229 |   throw new Error('[internal] expected a CrudHttpError')
          |         ^
      230 | }
      231 |
      232 | export function expectFrozenBody(error: CrudHttpError, status: number, code: string): void {

      at catchHttpError (src/modules/delivery_os/commands/__tests__/baselineTestKit.ts:229:9)
      at src/modules/delivery_os/commands/__tests__/evidence.test.ts:728:19

Test Suites: 1 failed, 1 total
Tests:       4 failed, 50 passed, 54 total
Snapshots:   0 total
Time:        1.53 s, estimated 2 s
Ran all test suites within paths "packages/core/src/modules/delivery_os/commands/__tests__/evidence.test.ts".
