Failed to compile.

../../node_modules/@grpc/grpc-js/build/src/certificate-provider.js
Module not found: Can't resolve 'fs'

https://nextjs.org/docs/messages/module-not-found

Import trace for requested module:
../../node_modules/@grpc/grpc-js/build/src/experimental.js
../../node_modules/@grpc/grpc-js/build/src/index.js
../../node_modules/@opentelemetry/otlp-grpc-exporter-base/build/src/grpc-exporter-transport.js
../../node_modules/@opentelemetry/otlp-grpc-exporter-base/build/src/index.js
../../node_modules/@opentelemetry/sdk-node/build/src/utils.js
../../node_modules/@opentelemetry/sdk-node/build/src/sdk.js
../../node_modules/@opentelemetry/sdk-node/build/src/index.js
../../packages/telemetry/dist/provider/otlp-provider.js
../../packages/telemetry/dist/init.js
../../packages/telemetry/dist/index.js
../../packages/queue/dist/worker/runner.js
../../packages/queue/dist/index.js
../../packages/events/dist/bus.js
../../packages/events/dist/index.js
../../packages/core/dist/bootstrap.js
../../packages/shared/dist/lib/di/container.js
../../packages/core/dist/modules/customers/lib/messageObjectPreviews.js
../../packages/core/dist/modules/customers/message-objects.js
./.mercato/generated/messages.client.generated.ts
./src/components/ClientBootstrap.tsx
./src/components/AppProviders.tsx

../../node_modules/@grpc/grpc-js/build/src/channel-credentials.js
Module not found: Can't resolve 'tls'

https://nextjs.org/docs/messages/module-not-found

Import trace for requested module:
../../node_modules/@grpc/grpc-js/build/src/index.js
../../node_modules/@opentelemetry/otlp-grpc-exporter-base/build/src/grpc-exporter-transport.js
../../node_modules/@opentelemetry/otlp-grpc-exporter-base/build/src/index.js
../../node_modules/@opentelemetry/sdk-node/build/src/utils.js
../../node_modules/@opentelemetry/sdk-node/build/src/sdk.js
../../node_modules/@opentelemetry/sdk-node/build/src/index.js
../../packages/telemetry/dist/provider/otlp-provider.js
../../packages/telemetry/dist/init.js
../../packages/telemetry/dist/index.js
../../packages/queue/dist/worker/runner.js
../../packages/queue/dist/index.js
../../packages/events/dist/bus.js
../../packages/events/dist/index.js
../../packages/core/dist/bootstrap.js
../../packages/shared/dist/lib/di/container.js
../../packages/core/dist/modules/customers/lib/messageObjectPreviews.js
../../packages/core/dist/modules/customers/message-objects.js
./.mercato/generated/messages.client.generated.ts
./src/components/ClientBootstrap.tsx
./src/components/AppProviders.tsx

../../node_modules/@grpc/grpc-js/build/src/channelz.js
Module not found: Can't resolve 'net'

https://nextjs.org/docs/messages/module-not-found

Import trace for requested module:
../../node_modules/@grpc/grpc-js/build/src/index.js
../../node_modules/@opentelemetry/otlp-grpc-exporter-base/build/src/grpc-exporter-transport.js
../../node_modules/@opentelemetry/otlp-grpc-exporter-base/build/src/index.js
../../node_modules/@opentelemetry/sdk-node/build/src/utils.js
../../node_modules/@opentelemetry/sdk-node/build/src/sdk.js
../../node_modules/@opentelemetry/sdk-node/build/src/index.js
../../packages/telemetry/dist/provider/otlp-provider.js
../../packages/telemetry/dist/init.js
../../packages/telemetry/dist/index.js
../../packages/queue/dist/worker/runner.js
../../packages/queue/dist/index.js
../../packages/events/dist/bus.js
../../packages/events/dist/index.js
../../packages/core/dist/bootstrap.js
../../packages/shared/dist/lib/di/container.js
../../packages/core/dist/modules/customers/lib/messageObjectPreviews.js
../../packages/core/dist/modules/customers/message-objects.js
./.mercato/generated/messages.client.generated.ts
./src/components/ClientBootstrap.tsx
./src/components/AppProviders.tsx

../../node_modules/@grpc/grpc-js/build/src/http_proxy.js
Module not found: Can't resolve 'net'

https://nextjs.org/docs/messages/module-not-found

Import trace for requested module:
../../node_modules/@grpc/grpc-js/build/src/internal-channel.js
../../node_modules/@grpc/grpc-js/build/src/channel.js
../../node_modules/@grpc/grpc-js/build/src/index.js
../../node_modules/@opentelemetry/otlp-grpc-exporter-base/build/src/grpc-exporter-transport.js
../../node_modules/@opentelemetry/otlp-grpc-exporter-base/build/src/index.js
../../node_modules/@opentelemetry/sdk-node/build/src/utils.js
../../node_modules/@opentelemetry/sdk-node/build/src/sdk.js
../../node_modules/@opentelemetry/sdk-node/build/src/index.js
../../packages/telemetry/dist/provider/otlp-provider.js
../../packages/telemetry/dist/init.js
../../packages/telemetry/dist/index.js
../../packages/queue/dist/worker/runner.js
../../packages/queue/dist/index.js
../../packages/events/dist/bus.js
../../packages/events/dist/index.js
../../packages/core/dist/bootstrap.js
../../packages/shared/dist/lib/di/container.js
../../packages/core/dist/modules/customers/lib/messageObjectPreviews.js
../../packages/core/dist/modules/customers/message-objects.js
./.mercato/generated/messages.client.generated.ts
./src/components/ClientBootstrap.tsx
./src/components/AppProviders.tsx

../../node_modules/@grpc/grpc-js/build/src/load-balancer-pick-first.js
Module not found: Can't resolve 'net'

https://nextjs.org/docs/messages/module-not-found

Import trace for requested module:
../../node_modules/@grpc/grpc-js/build/src/index.js
../../node_modules/@opentelemetry/otlp-grpc-exporter-base/build/src/grpc-exporter-transport.js
../../node_modules/@opentelemetry/otlp-grpc-exporter-base/build/src/index.js
../../node_modules/@opentelemetry/sdk-node/build/src/utils.js
../../node_modules/@opentelemetry/sdk-node/build/src/sdk.js
../../node_modules/@opentelemetry/sdk-node/build/src/index.js
../../packages/telemetry/dist/provider/otlp-provider.js
../../packages/telemetry/dist/init.js
../../packages/telemetry/dist/index.js
../../packages/queue/dist/worker/runner.js
../../packages/queue/dist/index.js
../../packages/events/dist/bus.js
../../packages/events/dist/index.js
../../packages/core/dist/bootstrap.js
../../packages/shared/dist/lib/di/container.js
../../packages/core/dist/modules/customers/lib/messageObjectPreviews.js
../../packages/core/dist/modules/customers/message-objects.js
./.mercato/generated/messages.client.generated.ts
./src/components/ClientBootstrap.tsx
./src/components/AppProviders.tsx


> Build failed because of webpack errors
